// Jest Snapshot v1, https://goo.gl/fbAQLP

exports[`RadioGroup should match snapshot 1`] = `
Object {
  "asFragment": [Function],
  "baseElement": <body>
    <div>
      <div
        class="radio-group"
      >
        <span
          class="radio-group__label"
        >
          Is this your first appointment with this practitioner?
        </span>
        <div
          class="radio-group__input-container"
        >
          <div
            class="radio-group__input"
          >
            <input
              id="input-radio__yes"
              name="patientStatus"
              type="radio"
              value="yes"
            />
            <label
              for="input-radio__yes"
            >
              Yes
            </label>
          </div>
          <div
            class="radio-group__input"
          >
            <input
              id="input-radio__no"
              name="patientStatus"
              type="radio"
              value="no"
            />
            <label
              for="input-radio__no"
            >
              No
            </label>
          </div>
        </div>
      </div>
    </div>
  </body>,
  "container": <div>
    <div
      class="radio-group"
    >
      <span
        class="radio-group__label"
      >
        Is this your first appointment with this practitioner?
      </span>
      <div
        class="radio-group__input-container"
      >
        <div
          class="radio-group__input"
        >
          <input
            id="input-radio__yes"
            name="patientStatus"
            type="radio"
            value="yes"
          />
          <label
            for="input-radio__yes"
          >
            Yes
          </label>
        </div>
        <div
          class="radio-group__input"
        >
          <input
            id="input-radio__no"
            name="patientStatus"
            type="radio"
            value="no"
          />
          <label
            for="input-radio__no"
          >
            No
          </label>
        </div>
      </div>
    </div>
  </div>,
  "debug": [Function],
  "findAllByAltText": [Function],
  "findAllByDisplayValue": [Function],
  "findAllByLabelText": [Function],
  "findAllByPlaceholderText": [Function],
  "findAllByRole": [Function],
  "findAllByTestId": [Function],
  "findAllByText": [Function],
  "findAllByTitle": [Function],
  "findByAltText": [Function],
  "findByDisplayValue": [Function],
  "findByLabelText": [Function],
  "findByPlaceholderText": [Function],
  "findByRole": [Function],
  "findByTestId": [Function],
  "findByText": [Function],
  "findByTitle": [Function],
  "getAllByAltText": [Function],
  "getAllByDisplayValue": [Function],
  "getAllByLabelText": [Function],
  "getAllByPlaceholderText": [Function],
  "getAllByRole": [Function],
  "getAllByTestId": [Function],
  "getAllByText": [Function],
  "getAllByTitle": [Function],
  "getByAltText": [Function],
  "getByDisplayValue": [Function],
  "getByLabelText": [Function],
  "getByPlaceholderText": [Function],
  "getByRole": [Function],
  "getByTestId": [Function],
  "getByText": [Function],
  "getByTitle": [Function],
  "queryAllByAltText": [Function],
  "queryAllByDisplayValue": [Function],
  "queryAllByLabelText": [Function],
  "queryAllByPlaceholderText": [Function],
  "queryAllByRole": [Function],
  "queryAllByTestId": [Function],
  "queryAllByText": [Function],
  "queryAllByTitle": [Function],
  "queryByAltText": [Function],
  "queryByDisplayValue": [Function],
  "queryByLabelText": [Function],
  "queryByPlaceholderText": [Function],
  "queryByRole": [Function],
  "queryByTestId": [Function],
  "queryByText": [Function],
  "queryByTitle": [Function],
  "rerender": [Function],
  "unmount": [Function],
}
`;
