// Jest Snapshot v1, https://goo.gl/fbAQLP

exports[`Calendar should match snapshot 1`] = `
Object {
  "asFragment": [Function],
  "baseElement": <body>
    <div>
      <div
        class="calendar"
      >
        <table
          cellpadding="0"
          cellspacing="0"
        >
          <thead>
            <tr>
              <th
                class="arrow-icon__container"
              >
                <i
                  class="arrow-icon fa-solid fa-chevron-left disabled"
                />
              </th>
              <th>
                <div
                  class="calendar__header-container"
                >
                  <span
                    class="calendar__header-day"
                  >
                    Th
                  </span>
                  Mar
                   
                  
                  24
                </div>
              </th>
              <th>
                <div
                  class="calendar__header-container"
                >
                  <span
                    class="calendar__header-day"
                  >
                    Fr
                  </span>
                  Mar
                   
                  
                  25
                </div>
              </th>
              <th>
                <div
                  class="calendar__header-container"
                >
                  <span
                    class="calendar__header-day"
                  >
                    Sa
                  </span>
                  Mar
                   
                  
                  26
                </div>
              </th>
              <th>
                <div
                  class="calendar__header-container"
                >
                  <span
                    class="calendar__header-day"
                  >
                    Su
                  </span>
                  Mar
                   
                  
                  27
                </div>
              </th>
              <th>
                <div
                  class="calendar__header-container"
                >
                  <span
                    class="calendar__header-day"
                  >
                    Mo
                  </span>
                  Mar
                   
                  
                  28
                </div>
              </th>
              <th>
                <div
                  class="calendar__header-container"
                >
                  <span
                    class="calendar__header-day"
                  >
                    Tu
                  </span>
                  Mar
                   
                  
                  29
                </div>
              </th>
              <th
                class="arrow-icon__container"
              >
                <i
                  class="arrow-icon fa-solid fa-chevron-right"
                />
              </th>
            </tr>
          </thead>
          <tbody
            class=""
          >
            <tr>
              <td />
              <td />
            </tr>
            <tr>
              <td />
              <td />
            </tr>
            <tr>
              <td />
              <td />
            </tr>
            <tr>
              <td />
              <td />
            </tr>
          </tbody>
        </table>
      </div>
    </div>
  </body>,
  "container": <div>
    <div
      class="calendar"
    >
      <table
        cellpadding="0"
        cellspacing="0"
      >
        <thead>
          <tr>
            <th
              class="arrow-icon__container"
            >
              <i
                class="arrow-icon fa-solid fa-chevron-left disabled"
              />
            </th>
            <th>
              <div
                class="calendar__header-container"
              >
                <span
                  class="calendar__header-day"
                >
                  Th
                </span>
                Mar
                 
                
                24
              </div>
            </th>
            <th>
              <div
                class="calendar__header-container"
              >
                <span
                  class="calendar__header-day"
                >
                  Fr
                </span>
                Mar
                 
                
                25
              </div>
            </th>
            <th>
              <div
                class="calendar__header-container"
              >
                <span
                  class="calendar__header-day"
                >
                  Sa
                </span>
                Mar
                 
                
                26
              </div>
            </th>
            <th>
              <div
                class="calendar__header-container"
              >
                <span
                  class="calendar__header-day"
                >
                  Su
                </span>
                Mar
                 
                
                27
              </div>
            </th>
            <th>
              <div
                class="calendar__header-container"
              >
                <span
                  class="calendar__header-day"
                >
                  Mo
                </span>
                Mar
                 
                
                28
              </div>
            </th>
            <th>
              <div
                class="calendar__header-container"
              >
                <span
                  class="calendar__header-day"
                >
                  Tu
                </span>
                Mar
                 
                
                29
              </div>
            </th>
            <th
              class="arrow-icon__container"
            >
              <i
                class="arrow-icon fa-solid fa-chevron-right"
              />
            </th>
          </tr>
        </thead>
        <tbody
          class=""
        >
          <tr>
            <td />
            <td />
          </tr>
          <tr>
            <td />
            <td />
          </tr>
          <tr>
            <td />
            <td />
          </tr>
          <tr>
            <td />
            <td />
          </tr>
        </tbody>
      </table>
    </div>
  </div>,
  "debug": [Function],
  "findAllByAltText": [Function],
  "findAllByDisplayValue": [Function],
  "findAllByLabelText": [Function],
  "findAllByPlaceholderText": [Function],
  "findAllByRole": [Function],
  "findAllByTestId": [Function],
  "findAllByText": [Function],
  "findAllByTitle": [Function],
  "findByAltText": [Function],
  "findByDisplayValue": [Function],
  "findByLabelText": [Function],
  "findByPlaceholderText": [Function],
  "findByRole": [Function],
  "findByTestId": [Function],
  "findByText": [Function],
  "findByTitle": [Function],
  "getAllByAltText": [Function],
  "getAllByDisplayValue": [Function],
  "getAllByLabelText": [Function],
  "getAllByPlaceholderText": [Function],
  "getAllByRole": [Function],
  "getAllByTestId": [Function],
  "getAllByText": [Function],
  "getAllByTitle": [Function],
  "getByAltText": [Function],
  "getByDisplayValue": [Function],
  "getByLabelText": [Function],
  "getByPlaceholderText": [Function],
  "getByRole": [Function],
  "getByTestId": [Function],
  "getByText": [Function],
  "getByTitle": [Function],
  "queryAllByAltText": [Function],
  "queryAllByDisplayValue": [Function],
  "queryAllByLabelText": [Function],
  "queryAllByPlaceholderText": [Function],
  "queryAllByRole": [Function],
  "queryAllByTestId": [Function],
  "queryAllByText": [Function],
  "queryAllByTitle": [Function],
  "queryByAltText": [Function],
  "queryByDisplayValue": [Function],
  "queryByLabelText": [Function],
  "queryByPlaceholderText": [Function],
  "queryByRole": [Function],
  "queryByTestId": [Function],
  "queryByText": [Function],
  "queryByTitle": [Function],
  "rerender": [Function],
  "unmount": [Function],
}
`;
